// Jest Snapshot v1, https://goo.gl/fbAQLP

exports[`Organization component test MainUserInfoComponent component rendered succesfully 1`] = `
<Connect(OrganizationsComponent)
  store={
    Object {
      "clearActions": [Function],
      "dispatch": [Function],
      "getActions": [Function],
      "getState": [Function],
      "replaceReducer": [Function],
      "subscribe": [Function],
    }
  }
>
  <OrganizationsComponent
    Orgs={
      Array [
        Object {
          "avatar_url": "https://avatars3.githubusercontent.com/u/30079690?s=400&u=e3443b749fa4d36979e0d631192f3a7bbadc3eeb&v=4",
          "login": "logoped583st",
        },
      ]
    }
    dispatch={[Function]}
    store={
      Object {
        "clearActions": [Function],
        "dispatch": [Function],
        "getActions": [Function],
        "getState": [Function],
        "replaceReducer": [Function],
        "subscribe": [Function],
      }
    }
    storeSubscription={
      Subscription {
        "listeners": Object {
          "clear": [Function],
          "get": [Function],
          "notify": [Function],
          "subscribe": [Function],
        },
        "onStateChange": [Function],
        "parentSub": undefined,
        "store": Object {
          "clearActions": [Function],
          "dispatch": [Function],
          "getActions": [Function],
          "getState": [Function],
          "replaceReducer": [Function],
          "subscribe": [Function],
        },
        "unsubscribe": [Function],
      }
    }
  >
    <div
      className="ORGS"
    >
      <h2>
        Organizations
      </h2>
      <div
        className="orgs_adds"
      >
        <h3>
          logoped583st
        </h3>
        <img
          alt="https://avatars3.githubusercontent.com/u/30079690?s=400&u=e3443b749fa4d36979e0d631192f3a7bbadc3eeb&v=4"
          src="https://avatars3.githubusercontent.com/u/30079690?s=400&u=e3443b749fa4d36979e0d631192f3a7bbadc3eeb&v=4"
        />
      </div>
    </div>
  </OrganizationsComponent>
</Connect(OrganizationsComponent)>
`;
